// Jest Snapshot v1, https://jestjs.io/docs/snapshot-testing

exports[`<Login /> renders login page correctly 1`] = `null`;
